
Race Day : 2024/04/24
Race track : HV
Race Number : 1
---------------------------

Rank Standard : Jockey Historic Performance on Track and Distance
Rank | Horse Name | Score
---------------------------
1| HARMONY FIRE| 1.8571428571428572
2| BEAUTY WAVES| 0.9230769230769231
3| HAPPY UNITED| 0.8461538461538461
4| HEROIC MASTER| 0.7777777777777778
5| YOUTHFUL SPIRITS| 0.6428571428571429
6| SUPER FORTUNE| 0.5
7| MAJESTIC EXPRESS| 0.3333333333333333

Rank Standard : Horse Historic Performance on Track and Distance
Rank | Horse Name | Score
---------------------------
1| BEAUTY WAVES| 3.0
2| HAPPY UNITED| 1.5
3| HEROIC MASTER| 1.3636363636363635
4| HARMONY FIRE| 1.0
5| YOUTHFUL SPIRITS| 0.0

Rank Standard : Trainer Historic Performance on Track and Distance
Rank | Horse Name | Score
---------------------------
1| HARMONY FIRE| 1.2173913043478262
2| HAPPY UNITED| 0.9629629629629629
3| BEAUTY WAVES| 0.7931034482758621
4| HEROIC MASTER| 0.5909090909090909
5| SUPER FORTUNE| 0.2727272727272727
6| MAJESTIC EXPRESS| 0.21052631578947367
7| YOUTHFUL SPIRITS| 0.0

Rank Standard : Stakes Won by Horse
Rank | Horse Name | Score
---------------------------
1| BEAUTY WAVES| 39924000.0
2| HEROIC MASTER| 35722500.0
3| HARMONY FIRE| 28305075.0
4| HAPPY UNITED| 24526800.0
5| SUPER FORTUNE| 24061050.0
6| YOUTHFUL SPIRITS| 1116000.0
7| MAJESTIC EXPRESS| 0.0

Rank Standard : Recent Placement
Rank | Horse Name | Score
---------------------------
1| BEAUTY WAVES| 15.0
2| HARMONY FIRE| 16.0
3| HAPPY UNITED| 23.0
4| HEROIC MASTER| 26.0
5| YOUTHFUL SPIRITS| 26.0
6| SUPER FORTUNE| 51.0
7| MAJESTIC EXPRESS| inf

Rank Standard : Barrier Draw
Rank | Horse Name | Score
---------------------------
1| MAJESTIC EXPRESS| 1.0
2| HAPPY UNITED| 2.0
3| YOUTHFUL SPIRITS| 3.0
4| HEROIC MASTER| 4.0
5| SUPER FORTUNE| 5.0
6| HARMONY FIRE| 6.0
7| BEAUTY WAVES| 7.0

Rank Standard : Rating Change
Rank | Horse Name | Score
---------------------------
1| SUPER FORTUNE| -2.0
2| HEROIC MASTER| -1.0
3| YOUTHFUL SPIRITS| -1.0
4| HAPPY UNITED| 0.0
5| HARMONY FIRE| 1.0
6| BEAUTY WAVES| 6.0
7| MAJESTIC EXPRESS| inf

Rank Standard : Master Ranking
Rank | Horse Name | Score
---------------------------
1| HAPPY UNITED| 20.0
2| BEAUTY WAVES| 21.0
3| HARMONY FIRE| 22.0
4| HEROIC MASTER| 23.0
5| YOUTHFUL SPIRITS| 34.0
6| SUPER FORTUNE| 35.0
7| MAJESTIC EXPRESS| 42.0
